[38;2;80;220;100m[D:\workbench\X_Y\test\src\main.cpp:44:main][2026-10-06][15:06:59][log][INFO]:X_Y Visual Test started[0m
[38;2;90;180;255m[D:\workbench\X_Y\Modules\Widget\src\XWidget.cpp:11:XWidget][2026-10-06][15:06:59][log][DEBUG]:XWidget 构造执行,parent=0,storage=Heap[0m
[38;2;90;180;255m[D:/workbench/X_Y/Modules/Movement/movements.h:99:Connect][2026-10-06][15:06:59][log][DEBUG]:入队加一:MovementType[0m
[38;2;90;180;255m[D:/workbench/X_Y/Modules/Movement/movements.h:99:Connect][2026-10-06][15:06:59][log][DEBUG]:入队加一:MovementType[0m
[38;2;90;180;255m[D:/workbench/X_Y/Modules/Movement/movements.h:99:Connect][2026-10-06][15:06:59][log][DEBUG]:入队加一:MovementType[0m
[38;2;90;180;255m[D:/workbench/X_Y/Modules/Movement/movements.h:99:Connect][2026-10-06][15:06:59][log][DEBUG]:入队加一:MovementType[0m
[38;2;90;180;255m[D:/workbench/X_Y/Modules/Movement/movements.h:99:Connect][2026-10-06][15:06:59][log][DEBUG]:入队加一:MovementType[0m
[38;2;90;180;255m[D:/workbench/X_Y/Modules/Movement/movements.h:99:Connect][2026-10-06][15:06:59][log][DEBUG]:入队加一:MovementType[0m
[38;2;90;180;255m[D:/workbench/X_Y/Modules/Movement/movements.h:99:Connect][2026-10-06][15:06:59][log][DEBUG]:入队加一:MovementType[0m
[38;2;90;180;255m[D:/workbench/X_Y/Modules/Movement/movements.h:99:Connect][2026-10-06][15:06:59][log][DEBUG]:入队加一:MovementType[0m
[38;2;90;180;255m[D:/workbench/X_Y/Modules/Movement/movements.h:99:Connect][2026-10-06][15:06:59][log][DEBUG]:入队加一:MovementType[0m
[38;2;90;180;255m[D:/workbench/X_Y/Modules/Movement/movements.h:99:Connect][2026-10-06][15:06:59][log][DEBUG]:入队加一:MovementType[0m
[38;2;90;180;255m[D:/workbench/X_Y/Modules/Movement/movements.h:99:Connect][2026-10-06][15:06:59][log][DEBUG]:入队加一:MovementType[0m
[38;2;90;180;255m[D:/workbench/X_Y/Modules/Movement/movements.h:99:Connect][2026-10-06][15:06:59][log][DEBUG]:入队加一:MovementType[0m
[38;2;80;220;100m[D:\workbench\X_Y\Modules\Widget\src\XWidget.cpp:131:show][2026-10-06][15:06:59][log][INFO]:窗口未创建，自动创建窗口: X_Y Visual Test[0m
[38;2;90;180;255m[D:\workbench\X_Y\Modules\Widget\src\XWidget.cpp:37:operator()][2026-10-06][15:06:59][log][DEBUG]:窗口resize: 1185x762[0m
[38;2;90;180;255m[D:\workbench\X_Y\Modules\Widget\src\XWidget.cpp:95:OnNativeDestroyed][2026-10-06][15:07:00][log][DEBUG]:[窗口回收] X_Y Visual Test @1982377914032 是【堆对象】收到 WindowDestroy → 登记延迟回收[0m
[38;2;90;180;255m[D:/workbench/X_Y/Modules/Movement/movements.h:183:disConnect][2026-10-06][15:07:00][log][DEBUG]:回调被删除[0m
[38;2;90;180;255m[D:/workbench/X_Y/Modules/Movement/movements.h:183:disConnect][2026-10-06][15:07:00][log][DEBUG]:回调被删除[0m
[38;2;90;180;255m[D:/workbench/X_Y/Modules/Movement/movements.h:183:disConnect][2026-10-06][15:07:00][log][DEBUG]:回调被删除[0m
[38;2;90;180;255m[D:/workbench/X_Y/Modules/Movement/movements.h:183:disConnect][2026-10-06][15:07:00][log][DEBUG]:回调被删除[0m
[38;2;90;180;255m[D:/workbench/X_Y/Modules/Movement/movements.h:183:disConnect][2026-10-06][15:07:00][log][DEBUG]:回调被删除[0m
[38;2;90;180;255m[D:/workbench/X_Y/Modules/Movement/movements.h:183:disConnect][2026-10-06][15:07:00][log][DEBUG]:回调被删除[0m
[38;2;90;180;255m[D:/workbench/X_Y/Modules/Movement/movements.h:183:disConnect][2026-10-06][15:07:00][log][DEBUG]:回调被删除[0m
[38;2;90;180;255m[D:/workbench/X_Y/Modules/Movement/movements.h:183:disConnect][2026-10-06][15:07:00][log][DEBUG]:回调被删除[0m
[38;2;90;180;255m[D:/workbench/X_Y/Modules/Movement/movements.h:183:disConnect][2026-10-06][15:07:00][log][DEBUG]:回调被删除[0m
[38;2;90;180;255m[D:/workbench/X_Y/Modules/Movement/movements.h:183:disConnect][2026-10-06][15:07:00][log][DEBUG]:回调被删除[0m
[38;2;90;180;255m[D:/workbench/X_Y/Modules/Movement/movements.h:183:disConnect][2026-10-06][15:07:00][log][DEBUG]:回调被删除[0m
[38;2;90;180;255m[D:/workbench/X_Y/Modules/Movement/movements.h:183:disConnect][2026-10-06][15:07:00][log][DEBUG]:回调被删除[0m
[38;2;90;180;255m[D:\workbench\X_Y\Modules\Widget\src\XWidget.cpp:123:OnNativeDestroyed][2026-10-06][15:07:00][log][DEBUG]:[窗口回收] X_Y Visual Test @1982377914032 已入队（将在本轮 ProcessEvents 结束时释放）[0m
[38;2;90;180;255m[D:\workbench\X_Y\Modules\Widget\src\Application.cpp:45:FlushDeferredRecycle][2026-10-06][15:07:00][log][DEBUG]:[回收安全点] 本轮待回收动作 1 个[0m
[38;2;90;180;255m[D:\workbench\X_Y\Modules\Widget\src\XWidget.cpp:120:operator()][2026-10-06][15:07:00][log][DEBUG]:[窗口回收] @1982377914032 延迟回收执行 → delete this[0m
